0
      Tale as old as

--------------0---1--
-----------1--====---
------2----===-------
---3--3----==========
---3--=====----------
1--1--1----==========

1
time,

======---
---------
3-----3--
5-----2--
3-----3--
======---

2
   true as it can

-----------0--1---
--------1--===----
===2----===-------
3--3----==========
3--=====----------
1--1----==========

3
be.

3---===
-------
3---3--
5---2--
3---3--
====---

4
      Bare ly e  ven

1--===1----3--5--6---
---------------------
===------------------
3--===---------------
===------------------
1--1--1----===3--====

5
friends, then some bod y

8--------8----6----5---3--
--------------------------
--------------------------
7--------=====------------
7--------=====-----3---===
5--------5----=========---

6
bends un ex pect ed

======6--5--=====---
6-----===---8----6--
--------------------
8-----===-----------
8-----===---5----===
6-----6--========---

7
ly.

-------
====---
5---3--
5---2--
3---3--
-------

8
   Just a  lit tle

-----------0---1---
--------1--====----
===2----===--------
3--3----===========
3--=====-----------
1--1----===========

9
change.

========---
-----------
3-------3--
5-------2--
3-------3--
========---

10
      Small, to say the

----------------0---1---
-------------1--====----
===---2------===--------
===3--3------===========
===3--=======-----------
1--===1------===========

11
least. Both a  lit tle

3------5----3--5---8---
-----------------------
3------=====-----------
=======3----===7---====
3------=====-----------
=======----------------

12
scared, nei ther one pre

========-------------5---
6-------6---5----6---====
-------------------------
========---------7---====
-------------------------
6-------6---=====6---====

13
pared.    Beau ty and the

=======---5----6--3---5---
--------------------------
3------========-----------
=======-------------------
----------3----===3---====
3------3--=====-----------

14
Beast.

1------===
----------
----------
----------
=======---
1------===

15
            Ev er just the

---------------3--5----6---
------------6--===---------
------3--===---------------
---5--===5--===------------
3--3--3--3--3--===3----====
===------------------------

16
same.

8-----======
---------10-
------9--===
7-----===---
======------
------------

17
   Ev er a  sur

===---------10--
===------6--====
---7--9--===----
----------------
----------------
6--6--===6--====

18
prise.

8------======
----------10-
-------9--===
7------===---
-------------
=======------

19
   E  ver as be

===----------6--
===6--8---10-===
----------------
----------------
----------------
6--6--====6--===

20
fore, ev er just as

8-----8--6--=====---
------------10---8--
--------------------
7-----7--========---
--------------------
======------8----===

21
sure as the sun will

------------5---=====
6----6--8---====6----
---------------------
0----0--====0---=====
---------------------
=====----------------

22
rise.

---------
8-----===
---------
======3--
6-----===
------1--

23
   Tale as old as

-----------2---3--
===-----3--====---
---4----===-------
5--5----==========
------------------
3--3----==========

24
time.

======---
---------
5-----5--
7-----4--
5-----5--
======---

25
   Tune as old as

-----------2---3--
--------3--====---
===4----===-------
5--5----==========
===---------------
3--3----==========

26
song.

5-----===
---------
5-----5--
7-----4--
5-----5--
======---

27
   Bit ter sweet and

3--3---5---7-----8---
---------------------
4--====--------------
===------------------
===------------------
3--3---====5-----====

28
strange, find ing you can

10-------10---8---7---5---
--------------------------
--------------------------
--------------------------
------------------5---====
7--------7----========----

29
change, learn ing you were

========8-----7---====-----
8-------======----10--8----
---------------------------
---------------------------
========----------7---=====
8-------8-----========-----

30
wrong.

----------
=======---
7------5--
7------4--
5------5--
----------

31
   Cer tain as the

------------2--3---
-------3----===----
4--4---=====-------
5--====------------
5--====------------
3--3---============

32
sun

====---
-------
5---5--
7---4--
5---5--
====---

33
   ris ing in the

-----------2--3---
-------3---===----
4--4---====-------
5--====-----------
5--====-----------
3--3---===========

34
East. Tale as old as

5-----=====-------10-
------12---10-12--===
5-----=====----------
7-----=====----------
5-----10---==========
======---------------

35
time, song as old as

======------------7--
8-----8----7--8---===
---------------------
---------------------
======---------------
8-----7----==========

36
rhyme. Beau ty and the

=======7----8--5---7---
-----------------------
5------=====-----------
-------0----===========
-----------------------
5------=====-----------

37
Beast.

3------===
----------
----------
=======---
----------
3------2--

38
   Tale as old as

---------------10-
---12---10-12--===
------------------
------------------
------------------
0--0----==========

39
time, song as old as

======------------7--
8-----8----7--8---===
---------------------
---------------------
---------------------
8-----7----==========

40
rhyme. Beau ty and the

=======7----8--5---7---
-----------------------
5------=====-----------
-------0----===========
0------=====-----------
=======----------------

41
Beast.

3------
3------
4------
5------
5------
3------

